
> fusion-starter@ test C:\Users\Maneesh Thakur\Downloads\My Projects\Emailify-The-Unified-Email-Box
> vitest --run


[1m[46m RUN [49m[22m [36mv3.2.4 [39m[90mC:/Users/Maneesh Thakur/Downloads/My Projects/Emailify-The-Unified-Email-Box[39m

 [32mΓ£ô[39m client/pages/Settings.test.tsx [2m([22m[2m8 tests[22m[2m)[22m[32m 25[2mms[22m[39m
 [31mΓ¥»[39m server/routes/integration.test.ts [2m([22m[2m15 tests[22m[2m | [22m[31m2 failed[39m[2m)[22m[32m 90[2mms[22m[39m
   [32mΓ£ô[39m OAuth Flow Integration Tests[2m > [22mGoogle OAuth Flow[2m > [22mshould generate valid Google OAuth URL[32m 7[2mms[22m[39m
   [32mΓ£ô[39m OAuth Flow Integration Tests[2m > [22mGoogle OAuth Flow[2m > [22mshould include correct scopes in OAuth URL[32m 2[2mms[22m[39m
   [32mΓ£ô[39m OAuth Flow Integration Tests[2m > [22mGoogle OAuth Flow[2m > [22mshould exchange code for tokens[32m 1[2mms[22m[39m
   [32mΓ£ô[39m OAuth Flow Integration Tests[2m > [22mMulti-Account Operations[2m > [22mshould fetch and aggregate emails from multiple providers[32m 4[2mms[22m[39m
   [32mΓ£ô[39m OAuth Flow Integration Tests[2m > [22mMulti-Account Operations[2m > [22mshould continue fetching if one provider fails[32m 1[2mms[22m[39m
   [32mΓ£ô[39m OAuth Flow Integration Tests[2m > [22mMulti-Account Operations[2m > [22mshould sort aggregated emails by date[32m 1[2mms[22m[39m
   [32mΓ£ô[39m OAuth Flow Integration Tests[2m > [22mAccount Management[2m > [22mshould handle account addition with duplicate detection[32m 1[2mms[22m[39m
   [32mΓ£ô[39m OAuth Flow Integration Tests[2m > [22mAccount Management[2m > [22mshould handle account removal with cleanup[32m 1[2mms[22m[39m
   [32mΓ£ô[39m OAuth Flow Integration Tests[2m > [22mFilter & Search[2m > [22mshould filter emails by provider[32m 1[2mms[22m[39m
   [32mΓ£ô[39m OAuth Flow Integration Tests[2m > [22mFilter & Search[2m > [22mshould search emails by subject keywords[32m 1[2mms[22m[39m
   [32mΓ£ô[39m OAuth Flow Integration Tests[2m > [22mFilter & Search[2m > [22mshould filter unread emails[32m 1[2mms[22m[39m
   [32mΓ£ô[39m OAuth Flow Integration Tests[2m > [22mPagination & Performance[2m > [22mshould handle large result sets with pagination[32m 2[2mms[22m[39m
[31m   [31m├ù[31m OAuth Flow Integration Tests[2m > [22mPagination & Performance[2m > [22mshould prevent out-of-bounds pagination[39m[32m 28[2mms[22m[39m
[31m     ΓåÆ expected [ 80, 81, 82, 83, 84, 85, 86, ΓÇª(13) ] to have a length of +0 but got 20[39m
   [32mΓ£ô[39m OAuth Flow Integration Tests[2m > [22mData Consistency[2m > [22mshould maintain email order across multiple fetches[32m 4[2mms[22m[39m
[31m   [31m├ù[31m OAuth Flow Integration Tests[2m > [22mData Consistency[2m > [22mshould handle concurrent updates without data loss[39m[32m 26[2mms[22m[39m
[31m     ΓåÆ expected 10 to be 30 // Object.is equality[39m
 [32mΓ£ô[39m server/services/email-parsing.test.ts [2m([22m[2m29 tests[22m[2m)[22m[32m 28[2mms[22m[39m
 [32mΓ£ô[39m client/pages/UnifiedInbox.test.tsx [2m([22m[2m5 tests[22m[2m)[22m[32m 44[2mms[22m[39m
 [32mΓ£ô[39m server/config/validation.test.ts [2m([22m[2m28 tests[22m[2m)[22m[32m 43[2mms[22m[39m
[90mstdout[2m | server/services/email-service.test.ts[2m > [22m[2mEmailService[2m > [22m[2mProvider Management[2m > [22m[2mshould initialize a provider with valid credentials
[22m[39mΓ£ô Email provider initialized for: user@gmail.com

[90mstdout[2m | server/services/email-service.test.ts[2m > [22m[2mEmailService[2m > [22m[2mProvider Management[2m > [22m[2mshould store initialized provider in map
[22m[39mΓ£ô Email provider initialized for: user@gmail.com

node.exe : [90mstderr[2m | server/services/email-service.test.ts[2m > 
[22m[2mEmailService[2m > [22m[2mProvider Management[2m > [22m[2mshould 
throw error when authentication fails
At C:\Users\Maneesh Thakur\AppData\Roaming\npm\pnpm.ps1:24 char:5
+     & "node$exe"  "$basedir/node_modules/pnpm/bin/pnpm.cjs" $args
+     ~~~~~~~~~~~~~~~~~~~~~~~~~~~~~~~~~~~~~~~~~~~~~~~~~~~~~~~~~~~~~
    + CategoryInfo          : NotSpecified: ([90mstderr[2m...ntication fails 
   :String) [], RemoteException
    + FullyQualifiedErrorId : NativeCommandError
 
[22m[39mΓ£ù Failed to initialize provider for user@gmail.com: Error: Failed 
to authenticate with email provider
    at EmailService.initializeProvider [90m(C:\Users\Maneesh 
Thakur\Downloads\My Projects\Emailify-The-Unified-Email-Box\[39mserver\service
s\email-service.ts:33:15[90m)[39m
[90m    at processTicksAndRejections 
(node:internal/process/task_queues:105:5)[39m

[90mstderr[2m | server/services/email-service.test.ts[2m > 
[22m[2mEmailService[2m > [22m[2mProvider Management[2m > [22m[2mshould 
handle provider creation errors
[22m[39mΓ£ù Failed to initialize provider for user@invalid.com: Error: 
Invalid provider type
    at Object.<anonymous> [90m(C:\Users\Maneesh Thakur\Downloads\My Projects\E
mailify-The-Unified-Email-Box\[39mserver\services\email-service.test.ts:77:15
[90m)[39m
    at Object.mockCall [90m(file:///C:/Users/Maneesh%20Thakur/Downloads/My%20P
rojects/Emailify-The-Unified-Email-Box/[39mnode_modules/[4m.pnpm[24m/@vitest
+spy@3.2.4/node_modules/[4m@vitest[24m/spy/dist/index.js:96:15[90m)[39m
    at Object.createProvider [90m(file:///C:/Users/Maneesh%20Thakur/Downloads/
My%20Projects/Emailify-The-Unified-Email-Box/[39mnode_modules/[4m.pnpm[24m/t
inyspy@4.0.3/node_modules/[4mtinyspy[24m/dist/index.js:47:103[90m)[39m
    at EmailService.initializeProvider [90m(C:\Users\Maneesh 
Thakur\Downloads\My Projects\Emailify-The-Unified-Email-Box\[39mserver\service
s\email-service.ts:29:45[90m)[39m
    at [90mC:\Users\Maneesh Thakur\Downloads\My Projects\Emailify-The-Unified-
Email-Box\[39mserver\services\email-service.test.ts:86:33
    at [90mfile:///C:/Users/Maneesh%20Thakur/Downloads/My%20Projects/Emailify-
The-Unified-Email-Box/[39mnode_modules/[4m.pnpm[24m/@vitest+runner@3.2.4/nod
e_modules/[4m@vitest[24m/runner/dist/chunk-hooks.js:155:11
    at [90mfile:///C:/Users/Maneesh%20Thakur/Downloads/My%20Projects/Emailify-
The-Unified-Email-Box/[39mnode_modules/[4m.pnpm[24m/@vitest+runner@3.2.4/nod
e_modules/[4m@vitest[24m/runner/dist/chunk-hooks.js:752:26
    at [90mfile:///C:/Users/Maneesh%20Thakur/Downloads/My%20Projects/Emailify-
The-Unified-Email-Box/[39mnode_modules/[4m.pnpm[24m/@vitest+runner@3.2.4/nod
e_modules/[4m@vitest[24m/runner/dist/chunk-hooks.js:1897:20
    at new Promise (<anonymous>)
    at runWithTimeout [90m(file:///C:/Users/Maneesh%20Thakur/Downloads/My%20Pr
ojects/Emailify-The-Unified-Email-Box/[39mnode_modules/[4m.pnpm[24m/@vitest+
runner@3.2.4/node_modules/[4m@vitest[24m/runner/dist/chunk-hooks.js:1863:10[
90m)[39m

[90mstdout[2m | server/services/email-service.test.ts[2m > [22m[2mEmailService[2m > [22m[2mEmail Fetching[2m > [22m[2mshould fetch emails from initialized provider
[22m[39mΓ£ô Email provider initialized for: user@gmail.com

[90mstdout[2m | server/services/email-service.test.ts[2m > [22m[2mEmailService[2m > [22m[2mEmail Fetching[2m > [22m[2mshould throw error when fetching from uninitialized account
[22m[39mΓ£ô Email provider initialized for: user@gmail.com

[90mstdout[2m | server/services/email-service.test.ts[2m > [22m[2mEmailService[2m > [22m[2mEmail Fetching[2m > [22m[2mshould cache emails for subsequent requests
[22m[39mΓ£ô Email provider initialized for: user@gmail.com

[90mstdout[2m | server/services/email-service.test.ts[2m > [22m[2mEmailService[2m > [22m[2mEmail Fetching[2m > [22m[2mshould cache emails for subsequent requests
[22m[39mCache hit for: user@gmail.com

[90mstdout[2m | server/services/email-service.test.ts[2m > [22m[2mEmailService[2m > [22m[2mEmail Fetching[2m > [22m[2mshould respect cache TTL and refetch after expiration
[22m[39mΓ£ô Email provider initialized for: user@gmail.com

[90mstdout[2m | server/services/email-service.test.ts[2m > [22m[2mEmailService[2m > [22m[2mEmail Fetching[2m > [22m[2mshould respect cache TTL and refetch after expiration
[22m[39mCache hit for: user@gmail.com

[90mstdout[2m | server/services/email-service.test.ts[2m > [22m[2mEmailService[2m > [22m[2mMulti-provider Operations[2m > [22m[2mshould fetch emails from all initialized providers
[22m[39mΓ£ô Email provider initialized for: user1@gmail.com

[90mstdout[2m | server/services/email-service.test.ts[2m > [22m[2mEmailService[2m > [22m[2mMulti-provider Operations[2m > [22m[2mshould fetch emails from all initialized providers
[22m[39mΓ£ô Email provider initialized for: user2@outlook.com

[90mstdout[2m | server/services/email-service.test.ts[2m > [22m[2mEmailService[2m > [22m[2mMulti-provider Operations[2m > [22m[2mshould sort emails by date descending across all providers
[22m[39mΓ£ô Email provider initialized for: user1@gmail.com

[90mstdout[2m | server/services/email-service.test.ts[2m > [22m[2mEmailService[2m > [22m[2mMulti-provider Operations[2m > [22m[2mshould sort emails by date descending across all providers
[22m[39mΓ£ô Email provider initialized for: user2@outlook.com

[90mstdout[2m | server/services/email-service.test.ts[2m > [22m[2mEmailService[2m > [22m[2mMulti-provider Operations[2m > [22m[2mshould continue fetching from other providers if one fails
[22m[39mΓ£ô Email provider initialized for: user1@gmail.com

[90mstdout[2m | server/services/email-service.test.ts[2m > [22m[2mEmailService[2m > [22m[2mMulti-provider Operations[2m > [22m[2mshould continue fetching from other providers if one fails
[22m[39mΓ£ô Email provider initialized for: user2@outlook.com

[90mstderr[2m | server/services/email-service.test.ts[2m > 
[22m[2mEmailService[2m > [22m[2mMulti-provider Operations[2m > 
[22m[2mshould continue fetching from other providers if one fails
[22m[39mError fetching emails from user2@outlook.com: Error: Network error
    at [90mC:\Users\Maneesh Thakur\Downloads\My Projects\Emailify-The-Unified-
Email-Box\[39mserver\services\email-service.test.ts:239:50
    at [90mfile:///C:/Users/Maneesh%20Thakur/Downloads/My%20Projects/Emailify-
The-Unified-Email-Box/[39mnode_modules/[4m.pnpm[24m/@vitest+runner@3.2.4/nod
e_modules/[4m@vitest[24m/runner/dist/chunk-hooks.js:155:11
    at [90mfile:///C:/Users/Maneesh%20Thakur/Downloads/My%20Projects/Emailify-
The-Unified-Email-Box/[39mnode_modules/[4m.pnpm[24m/@vitest+runner@3.2.4/nod
e_modules/[4m@vitest[24m/runner/dist/chunk-hooks.js:752:26
    at [90mfile:///C:/Users/Maneesh%20Thakur/Downloads/My%20Projects/Emailify-
The-Unified-Email-Box/[39mnode_modules/[4m.pnpm[24m/@vitest+runner@3.2.4/nod
e_modules/[4m@vitest[24m/runner/dist/chunk-hooks.js:1897:20
    at new Promise (<anonymous>)
    at runWithTimeout [90m(file:///C:/Users/Maneesh%20Thakur/Downloads/My%20Pr
ojects/Emailify-The-Unified-Email-Box/[39mnode_modules/[4m.pnpm[24m/@vitest+
runner@3.2.4/node_modules/[4m@vitest[24m/runner/dist/chunk-hooks.js:1863:10[
90m)[39m
    at runTest [90m(file:///C:/Users/Maneesh%20Thakur/Downloads/My%20Projects/
Emailify-The-Unified-Email-Box/[39mnode_modules/[4m.pnpm[24m/@vitest+runner@
3.2.4/node_modules/[4m@vitest[24m/runner/dist/chunk-hooks.js:1574:12[90m)[3
9m
[90m    at processTicksAndRejections 
(node:internal/process/task_queues:105:5)[39m
    at runSuite [90m(file:///C:/Users/Maneesh%20Thakur/Downloads/My%20Projects
/Emailify-The-Unified-Email-Box/[39mnode_modules/[4m.pnpm[24m/@vitest+runner
@3.2.4/node_modules/[4m@vitest[24m/runner/dist/chunk-hooks.js:1729:8[90m)[3
9m
    at runSuite [90m(file:///C:/Users/Maneesh%20Thakur/Downloads/My%20Projects
/Emailify-The-Unified-Email-Box/[39mnode_modules/[4m.pnpm[24m/@vitest+runner
@3.2.4/node_modules/[4m@vitest[24m/runner/dist/chunk-hooks.js:1729:8[90m)[3
9m

[90mstdout[2m | server/services/email-service.test.ts[2m > [22m[2mEmailService[2m > [22m[2mAccount Management[2m > [22m[2mshould return list of initialized accounts
[22m[39mΓ£ô Email provider initialized for: user1@gmail.com

[90mstdout[2m | server/services/email-service.test.ts[2m > [22m[2mEmailService[2m > [22m[2mAccount Management[2m > [22m[2mshould return list of initialized accounts
[22m[39mΓ£ô Email provider initialized for: user2@outlook.com

[90mstdout[2m | server/services/email-service.test.ts[2m > [22m[2mEmailService[2m > [22m[2mAccount Management[2m > [22m[2mshould disconnect provider from account list
[22m[39mΓ£ô Email provider initialized for: user@gmail.com

[90mstdout[2m | server/services/email-service.test.ts[2m > [22m[2mEmailService[2m > [22m[2mAccount Management[2m > [22m[2mshould disconnect provider from account list
[22m[39mΓ£ô Disconnected provider for: user@gmail.com

[90mstdout[2m | server/services/email-service.test.ts[2m > [22m[2mEmailService[2m > [22m[2mAccount Management[2m > [22m[2mshould check if provider is initialized
[22m[39mΓ£ô Email provider initialized for: user@gmail.com

[90mstdout[2m | server/services/email-service.test.ts[2m > [22m[2mEmailService[2m > [22m[2mAccount Management[2m > [22m[2mshould disconnect all providers
[22m[39mΓ£ô Email provider initialized for: user1@gmail.com

[90mstdout[2m | server/services/email-service.test.ts[2m > [22m[2mEmailService[2m > [22m[2mAccount Management[2m > [22m[2mshould disconnect all providers
[22m[39mΓ£ô Email provider initialized for: user2@outlook.com

[90mstdout[2m | server/services/email-service.test.ts[2m > [22m[2mEmailService[2m > [22m[2mAccount Management[2m > [22m[2mshould disconnect all providers
[22m[39mΓ£ô All providers disconnected

[90mstdout[2m | server/services/email-service.test.ts[2m > [22m[2mEmailService[2m > [22m[2mAccount Management[2m > [22m[2mshould clear entire cache on demand
[22m[39mΓ£ô Email provider initialized for: user@gmail.com

 [32mΓ£ô[39m server/services/email-service.test.ts [2m([22m[2m16 tests[22m[2m)[22m[32m 89[2mms[22m[39m
[90mstdout[2m | server/routes/auth.test.ts
[22m[39m[OAUTH] [GOOGLE] [2026-02-08T07:10:49.130Z] Service initialized {
  clientId: [32m'...'[39m,
  redirectUri: [32m'http://localhost:8080/auth/google/callback'[39m
}

[90mstdout[2m | server/routes/email.test.ts
[22m[39m[OAUTH] [GOOGLE] [2026-02-08T07:10:49.129Z] Service initialized {
  clientId: [32m'...'[39m,
  redirectUri: [32m'http://localhost:8080/auth/google/callback'[39m
}

[90mstdout[2m | server/services/email/oauth-provider.test.ts
[22m[39m[OAUTH] [GOOGLE] [2026-02-08T07:10:49.138Z] Service initialized {
  clientId: [32m'...'[39m,
  redirectUri: [32m'http://localhost:8080/auth/google/callback'[39m
}

[90mstdout[2m | server/routes/email.test.ts
[22m[39m[OAUTH] [MICROSOFT] [2026-02-08T07:10:49.169Z] Service initialized {
  clientId: [32m'...'[39m,
  redirectUri: [32m'http://localhost:8080/auth/microsoft/callback'[39m
}

[90mstdout[2m | server/services/email/oauth-provider.test.ts
[22m[39m[OAUTH] [MICROSOFT] [2026-02-08T07:10:49.169Z] Service initialized {
  clientId: [32m'...'[39m,
  redirectUri: [32m'http://localhost:8080/auth/microsoft/callback'[39m
}

[90mstdout[2m | server/routes/auth.test.ts
[22m[39m[OAUTH] [MICROSOFT] [2026-02-08T07:10:49.169Z] Service initialized {
  clientId: [32m'...'[39m,
  redirectUri: [32m'http://localhost:8080/auth/microsoft/callback'[39m
}

 [32mΓ£ô[39m server/routes/auth.test.ts [2m([22m[2m5 tests[22m[2m)[22m[32m 20[2mms[22m[39m
[90mstdout[2m | server/routes/email.test.ts
[22m[39mΓ£ô Loaded 2 OAuth credentials from file

[90mstdout[2m | server/services/email/oauth-provider.test.ts
[22m[39mΓ£ô Loaded 2 OAuth credentials from file

[90mstdout[2m | server/services/email/oauth-provider.test.ts[2m > [22m[2mOAuthEmailProvider[2m > [22m[2mConstructor[2m > [22m[2mshould initialize with valid Gmail credentials
[22m[39m[OAuth Email Provider] Initialized for gmail (test@gmail.com)

[90mstdout[2m | server/services/email/oauth-provider.test.ts[2m > [22m[2mOAuthEmailProvider[2m > [22m[2mConstructor[2m > [22m[2mshould initialize with valid Outlook credentials
[22m[39m[OAuth Email Provider] Initialized for outlook (test@outlook.com)

[90mstdout[2m | server/services/email/oauth-provider.test.ts[2m > [22m[2mOAuthEmailProvider[2m > [22m[2mfetchGmailEmails - returns emails array[2m > [22m[2mshould fetch and return Gmail emails from initial load
[22m[39m[OAuth Email Provider] Initialized for gmail (test@gmail.com)

[90mstdout[2m | server/services/email/oauth-provider.test.ts[2m > [22m[2mOAuthEmailProvider[2m > [22m[2mfetchGmailEmails - respects skip parameter[2m > [22m[2mshould apply skip offset when paginating Gmail emails
[22m[39m[OAuth Email Provider] Initialized for gmail (test@gmail.com)

[90mstdout[2m | server/services/email/oauth-provider.test.ts[2m > [22m[2mOAuthEmailProvider[2m > [22m[2mfetchGmailEmails - respects limit parameter[2m > [22m[2mshould respect the limit parameter when fetching Gmail emails
[22m[39m[OAuth Email Provider] Initialized for gmail (test@gmail.com)

[90mstdout[2m | server/services/email/oauth-provider.test.ts[2m > [22m[2mOAuthEmailProvider[2m > [22m[2mfetchOutlookEmails - returns emails array[2m > [22m[2mshould fetch and return Outlook emails from initial load
[22m[39m[OAuth Email Provider] Initialized for outlook (test@outlook.com)

[90mstdout[2m | server/services/email/oauth-provider.test.ts[2m > [22m[2mOAuthEmailProvider[2m > [22m[2mfetchOutlookEmails - respects skip parameter[2m > [22m[2mshould use $skip query parameter for Outlook pagination
[22m[39m[OAuth Email Provider] Initialized for outlook (test@outlook.com)

[90mstdout[2m | server/services/email/oauth-provider.test.ts[2m > [22m[2mOAuthEmailProvider[2m > [22m[2mfetchOutlookEmails - respects limit parameter[2m > [22m[2mshould use $top query parameter to limit Outlook emails
[22m[39m[OAuth Email Provider] Initialized for outlook (test@outlook.com)

[90mstdout[2m | server/services/email/oauth-provider.test.ts[2m > [22m[2mOAuthEmailProvider[2m > [22m[2mToken Refresh - Gmail[2m > [22m[2mshould handle Gmail token refresh when provider initializes
[22m[39m[OAuth Email Provider] Initialized for gmail (test@gmail.com)

[90mstdout[2m | server/services/email/oauth-provider.test.ts[2m > [22m[2mOAuthEmailProvider[2m > [22m[2mToken Refresh - Outlook[2m > [22m[2mshould handle Outlook token refresh when provider initializes
[22m[39m[OAuth Email Provider] Initialized for outlook (test@outlook.com)

 [32mΓ£ô[39m server/services/email/oauth-provider.test.ts [2m([22m[2m11 tests[22m[2m)[22m[32m 34[2mms[22m[39m
[90mstderr[2m | server/routes/email.test.ts[2m > [22m[2mEmail API 
Routes[2m > [22m[2mGET /api/email/oauth/all - combines all providers[2m > 
[22m[2mshould fetch emails from multiple OAuth accounts
[22m[39m[OAuth] Decryption error for user1@gmail.com: Error: Cannot find 
module '../utils/crypto'
Require stack:
- C:\Users\Maneesh Thakur\Downloads\My 
Projects\Emailify-The-Unified-Email-Box\server\routes\email.ts
[90m    at Module._resolveFilename 
(node:internal/modules/cjs/loader:1410:15)[39m
[90m    at defaultResolveImpl (node:internal/modules/cjs/loader:1051:19)[39m
[90m    at resolveForCJSWithHooks 
(node:internal/modules/cjs/loader:1056:22)[39m
[90m    at Module._load (node:internal/modules/cjs/loader:1219:37)[39m
[90m    at TracingChannel.traceSync (node:diagnostics_channel:322:14)[39m
[90m    at wrapModuleLoad (node:internal/modules/cjs/loader:238:24)[39m
[90m    at Module.require (node:internal/modules/cjs/loader:1493:12)[39m
[90m    at require (node:internal/modules/helpers:152:16)[39m
    at decryptTokens [90m(C:\Users\Maneesh Thakur\Downloads\My Projects\Emaili
fy-The-Unified-Email-Box\[39mserver\routes\email.ts:241:25[90m)[39m
    at fetchEmailsFromProvider [90m(C:\Users\Maneesh Thakur\Downloads\My Proje
cts\Emailify-The-Unified-Email-Box\[39mserver\routes\email.ts:260:21[90m)[39
m {
  code: [32m'MODULE_NOT_FOUND'[39m,
  requireStack: [
    [32m'C:\\Users\\Maneesh Thakur\\Downloads\\My 
Projects\\Emailify-The-Unified-Email-Box\\server\\routes\\email.ts'[39m
  ]
}

[90mstderr[2m | server/routes/email.test.ts[2m > [22m[2mEmail API 
Routes[2m > [22m[2mGET /api/email/oauth/all - combines all providers[2m > 
[22m[2mshould fetch emails from multiple OAuth accounts
[22m[39m[OAuth] Decryption error for user2@outlook.com: Error: Cannot find 
module '../utils/crypto'
Require stack:
- C:\Users\Maneesh Thakur\Downloads\My 
Projects\Emailify-The-Unified-Email-Box\server\routes\email.ts
[90m    at Module._resolveFilename 
(node:internal/modules/cjs/loader:1410:15)[39m
[90m    at defaultResolveImpl (node:internal/modules/cjs/loader:1051:19)[39m
[90m    at resolveForCJSWithHooks 
(node:internal/modules/cjs/loader:1056:22)[39m
[90m    at Module._load (node:internal/modules/cjs/loader:1219:37)[39m
[90m    at TracingChannel.traceSync (node:diagnostics_channel:322:14)[39m
[90m    at wrapModuleLoad (node:internal/modules/cjs/loader:238:24)[39m
[90m    at Module.require (node:internal/modules/cjs/loader:1493:12)[39m
[90m    at require (node:internal/modules/helpers:152:16)[39m
    at decryptTokens [90m(C:\Users\Maneesh Thakur\Downloads\My Projects\Emaili
fy-The-Unified-Email-Box\[39mserver\routes\email.ts:241:25[90m)[39m
    at fetchEmailsFromProvider [90m(C:\Users\Maneesh Thakur\Downloads\My Proje
cts\Emailify-The-Unified-Email-Box\[39mserver\routes\email.ts:260:21[90m)[39
m {
  code: [32m'MODULE_NOT_FOUND'[39m,
  requireStack: [
    [32m'C:\\Users\\Maneesh Thakur\\Downloads\\My 
Projects\\Emailify-The-Unified-Email-Box\\server\\routes\\email.ts'[39m
  ]
}

 [32mΓ£ô[39m server/routes/email.test.ts [2m([22m[2m6 tests[22m[2m)[22m[32m 48[2mms[22m[39m
